{
    "native_identifier": "github.com/charmbracelet/x/exp/golden",
    "repo": "charmbracelet/x",
    "registry": "golang_proxy",
    "tag_formats": [
        "/v{major}.{minor}.{patch}",
        "ansi/v{major}.{minor}.{patch}",
        "ansi/v{major}.{patch}.{minor}"
    ],
    "sentinel_timestamp": "2020-01-01T00:00:00Z",
    "include": [
        "exp/golden/**/CMakeLists.txt",
        "exp/golden/**/Dockerfile",
        "exp/golden/**/Dockerfile.*",
        "exp/golden/**/Makefile",
        "exp/golden/**/GNUmakefile",
        "exp/golden/**/BSDmakefile",
        "exp/golden/**/Makefile.*",
        "exp/golden/**/go.mod",
        "exp/golden/**/go.sum",
        "exp/golden/**/Cargo.toml",
        "exp/golden/**/Cargo.lock",
        "exp/golden/**/Gemfile",
        "exp/golden/**/Rakefile",
        "exp/golden/**/Vagrantfile",
        "exp/golden/**/Procfile",
        "exp/golden/**/.babelrc",
        "exp/golden/**/.eslintrc",
        "exp/golden/**/.prettierrc",
        "exp/golden/**/.editorconfig",
        "exp/golden/**/.gitconfig",
        "exp/golden/**/.npmrc",
        "exp/golden/**/.env",
        "exp/golden/**/.env.*",
        "exp/golden/**/.condarc",
        "exp/golden/**/*.go",
        "exp/golden/**/*.rs",
        "exp/golden/**/*.py",
        "exp/golden/**/*.js",
        "exp/golden/**/*.mjs",
        "exp/golden/**/*.cjs",
        "exp/golden/**/*.jsx",
        "exp/golden/**/*.ts",
        "exp/golden/**/*.mts",
        "exp/golden/**/*.cts",
        "exp/golden/**/*.tsx",
        "exp/golden/**/*.xml",
        "exp/golden/**/*.xsd",
        "exp/golden/**/*.xsl",
        "exp/golden/**/*.xslt",
        "exp/golden/**/*.rss",
        "exp/golden/**/*.atom",
        "exp/golden/**/*.xaml",
        "exp/golden/**/*.plist",
        "exp/golden/**/*.svg",
        "exp/golden/**/*.dtd",
        "exp/golden/**/*.md",
        "exp/golden/**/*.markdown",
        "exp/golden/**/*.mdown",
        "exp/golden/**/*.mkdn",
        "exp/golden/**/*.mkd",
        "exp/golden/**/*.rmd",
        "exp/golden/**/*.mdx",
        "exp/golden/**/*.yaml",
        "exp/golden/**/*.yml",
        "exp/golden/**/*.json",
        "exp/golden/**/*.jsonc",
        "exp/golden/**/*.json5",
        "exp/golden/**/*.geojson",
        "exp/golden/**/*.har",
        "exp/golden/**/*.toml",
        "exp/golden/**/*.ini",
        "exp/golden/**/*.cfg",
        "exp/golden/**/*.conf",
        "exp/golden/**/*.editorconfig",
        "exp/golden/**/*.properties",
        "exp/golden/**/*.sh",
        "exp/golden/**/*.bash",
        "exp/golden/**/*.ksh",
        "exp/golden/**/*.zsh",
        "exp/golden/**/*.sql",
        "exp/golden/**/*.ipynb",
        "exp/golden/**/*.c",
        "exp/golden/**/*.h",
        "exp/golden/**/*.cc",
        "exp/golden/**/*.cpp",
        "exp/golden/**/*.cxx",
        "exp/golden/**/*.hh",
        "exp/golden/**/*.hpp",
        "exp/golden/**/*.hxx",
        "exp/golden/**/*.ipp",
        "exp/golden/**/*.m",
        "exp/golden/**/*.mm",
        "exp/golden/**/*.cs",
        "exp/golden/**/*.java",
        "exp/golden/**/*.kt",
        "exp/golden/**/*.kts",
        "exp/golden/**/*.scala",
        "exp/golden/**/*.sc",
        "exp/golden/**/*.sbt",
        "exp/golden/**/*.swift",
        "exp/golden/**/*.php",
        "exp/golden/**/*.phtml",
        "exp/golden/**/*.php3",
        "exp/golden/**/*.php4",
        "exp/golden/**/*.php5",
        "exp/golden/**/*.phps",
        "exp/golden/**/*.rb",
        "exp/golden/**/*.gemspec",
        "exp/golden/**/*.r",
        "exp/golden/**/*.lua",
        "exp/golden/**/*.css",
        "exp/golden/**/*.scss",
        "exp/golden/**/*.sass",
        "exp/golden/**/*.vue",
        "exp/golden/**/*.svelte",
        "exp/golden/**/*.hcl",
        "exp/golden/**/*.tf",
        "exp/golden/**/*.tfvars",
        "exp/golden/**/*.nomad",
        "exp/golden/**/*.proto",
        "exp/golden/**/*.cmake",
        "exp/golden/**/*.mk",
        "exp/golden/**/*.make",
        "exp/golden/**/*.s",
        "exp/golden/**/*.asm",
        "exp/golden/**/*.dart",
        "exp/golden/**/*.hs",
        "exp/golden/**/*.lhs",
        "exp/golden/**/*.txt",
        "exp/golden/**/*.text",
        "exp/golden/**/*.log",
        "exp/golden/**/*.nix"
    ],
    "collection_name_prefix": "github.com_charmbracelet_x_exp_golden",
    "version_sample_relative_size": 0.5,
    "version_sample_max_size": 5
}
